Quino crash report — 2026-05-10T14:51:53.664967
========================================================================

--- Traceback ---
Traceback (most recent call last):

  File "C:\Users\ruben\Proyectos\QUINO\quino\gui\canvas.py", line 691, in paintEvent
    self._draw_sketch_constraints(painter, project, sketch_points, transform, invalid=sketch_invalid)

  File "C:\Users\ruben\Proyectos\QUINO\quino\gui\canvas.py", line 1956, in _draw_sketch_constraints
    painter, refs4[0], refs4[1], constraint.type, pen_color, transform
                                                  ^^^^^^^^^

NameError: name 'pen_color' is not defined


--- Last Qt messages (up to 200) ---
[Qt/WARNING] QBackingStore::endPaint() called with active painter; did you forget to destroy it or call QPainter::end() on it?
[Qt/WARNING] QBackingStore::endPaint() called with active painter; did you forget to destroy it or call QPainter::end() on it?
[Qt/WARNING] QBackingStore::endPaint() called with active painter; did you forget to destroy it or call QPainter::end() on it?
[Qt/WARNING] QBackingStore::endPaint() called with active painter; did you forget to destroy it or call QPainter::end() on it?
[Qt/WARNING] QBackingStore::endPaint() called with active painter; did you forget to destroy it or call QPainter::end() on it?
[Qt/WARNING] QBackingStore::endPaint() called with active painter; did you forget to destroy it or call QPainter::end() on it?
[Qt/WARNING] QBackingStore::endPaint() called with active painter; did you forget to destroy it or call QPainter::end() on it?
[Qt/WARNING] QBackingStore::endPaint() called with active painter; did you forget to destroy it or call QPainter::end() on it?
[Qt/WARNING] QBackingStore::endPaint() called with active painter; did you forget to destroy it or call QPainter::end() on it?
[Qt/WARNING] QBackingStore::endPaint() called with active painter; did you forget to destroy it or call QPainter::end() on it?
[Qt/WARNING] QBackingStore::endPaint() called with active painter; did you forget to destroy it or call QPainter::end() on it?
[Qt/WARNING] QBackingStore::endPaint() called with active painter; did you forget to destroy it or call QPainter::end() on it?
[Qt/WARNING] QBackingStore::endPaint() called with active painter; did you forget to destroy it or call QPainter::end() on it?
[Qt/WARNING] QBackingStore::endPaint() called with active painter; did you forget to destroy it or call QPainter::end() on it?
[Qt/WARNING] QBackingStore::endPaint() called with active painter; did you forget to destroy it or call QPainter::end() on it?
[Qt/WARNING] QBackingStore::endPaint() called with active painter; did you forget to destroy it or call QPainter::end() on it?
[Qt/WARNING] QBackingStore::endPaint() called with active painter; did you forget to destroy it or call QPainter::end() on it?
[Qt/WARNING] QBackingStore::endPaint() called with active painter; did you forget to destroy it or call QPainter::end() on it?
[Qt/WARNING] QBackingStore::endPaint() called with active painter; did you forget to destroy it or call QPainter::end() on it?
[Qt/WARNING] QBackingStore::endPaint() called with active painter; did you forget to destroy it or call QPainter::end() on it?
[Qt/WARNING] QBackingStore::endPaint() called with active painter; did you forget to destroy it or call QPainter::end() on it?
[Qt/WARNING] QBackingStore::endPaint() called with active painter; did you forget to destroy it or call QPainter::end() on it?
[Qt/WARNING] QBackingStore::endPaint() called with active painter; did you forget to destroy it or call QPainter::end() on it?
[Qt/WARNING] QBackingStore::endPaint() called with active painter; did you forget to destroy it or call QPainter::end() on it?
[Qt/WARNING] QBackingStore::endPaint() called with active painter; did you forget to destroy it or call QPainter::end() on it?
[Qt/WARNING] QBackingStore::endPaint() called with active painter; did you forget to destroy it or call QPainter::end() on it?
[Qt/WARNING] QBackingStore::endPaint() called with active painter; did you forget to destroy it or call QPainter::end() on it?
[Qt/WARNING] QBackingStore::endPaint() called with active painter; did you forget to destroy it or call QPainter::end() on it?
[Qt/WARNING] QBackingStore::endPaint() called with active painter; did you forget to destroy it or call QPainter::end() on it?
[Qt/WARNING] QBackingStore::endPaint() called with active painter; did you forget to destroy it or call QPainter::end() on it?
[Qt/WARNING] QBackingStore::endPaint() called with active painter; did you forget to destroy it or call QPainter::end() on it?
[Qt/WARNING] QBackingStore::endPaint() called with active painter; did you forget to destroy it or call QPainter::end() on it?
[Qt/WARNING] QBackingStore::endPaint() called with active painter; did you forget to destroy it or call QPainter::end() on it?
[Qt/WARNING] QBackingStore::endPaint() called with active painter; did you forget to destroy it or call QPainter::end() on it?
[Qt/WARNING] QBackingStore::endPaint() called with active painter; did you forget to destroy it or call QPainter::end() on it?
[Qt/WARNING] QBackingStore::endPaint() called with active painter; did you forget to destroy it or call QPainter::end() on it?
[Qt/WARNING] QBackingStore::endPaint() called with active painter; did you forget to destroy it or call QPainter::end() on it?
[Qt/WARNING] QBackingStore::endPaint() called with active painter; did you forget to destroy it or call QPainter::end() on it?
[Qt/WARNING] QBackingStore::endPaint() called with active painter; did you forget to destroy it or call QPainter::end() on it?
[Qt/WARNING] QBackingStore::endPaint() called with active painter; did you forget to destroy it or call QPainter::end() on it?
[Qt/WARNING] QBackingStore::endPaint() called with active painter; did you forget to destroy it or call QPainter::end() on it?
[Qt/WARNING] QBackingStore::endPaint() called with active painter; did you forget to destroy it or call QPainter::end() on it?
[Qt/WARNING] QBackingStore::endPaint() called with active painter; did you forget to destroy it or call QPainter::end() on it?
[Qt/WARNING] QBackingStore::endPaint() called with active painter; did you forget to destroy it or call QPainter::end() on it?
[Qt/WARNING] QBackingStore::endPaint() called with active painter; did you forget to destroy it or call QPainter::end() on it?
[Qt/WARNING] QBackingStore::endPaint() called with active painter; did you forget to destroy it or call QPainter::end() on it?
[Qt/WARNING] QBackingStore::endPaint() called with active painter; did you forget to destroy it or call QPainter::end() on it?
[Qt/WARNING] QBackingStore::endPaint() called with active painter; did you forget to destroy it or call QPainter::end() on it?
[Qt/WARNING] QBackingStore::endPaint() called with active painter; did you forget to destroy it or call QPainter::end() on it?
[Qt/WARNING] QBackingStore::endPaint() called with active painter; did you forget to destroy it or call QPainter::end() on it?
[Qt/WARNING] QBackingStore::endPaint() called with active painter; did you forget to destroy it or call QPainter::end() on it?
[Qt/WARNING] QBackingStore::endPaint() called with active painter; did you forget to destroy it or call QPainter::end() on it?
[Qt/WARNING] QBackingStore::endPaint() called with active painter; did you forget to destroy it or call QPainter::end() on it?
[Qt/WARNING] QBackingStore::endPaint() called with active painter; did you forget to destroy it or call QPainter::end() on it?
[Qt/WARNING] QBackingStore::endPaint() called with active painter; did you forget to destroy it or call QPainter::end() on it?
[Qt/WARNING] QBackingStore::endPaint() called with active painter; did you forget to destroy it or call QPainter::end() on it?
[Qt/WARNING] QBackingStore::endPaint() called with active painter; did you forget to destroy it or call QPainter::end() on it?
[Qt/WARNING] QBackingStore::endPaint() called with active painter; did you forget to destroy it or call QPainter::end() on it?
[Qt/WARNING] QBackingStore::endPaint() called with active painter; did you forget to destroy it or call QPainter::end() on it?
[Qt/WARNING] QBackingStore::endPaint() called with active painter; did you forget to destroy it or call QPainter::end() on it?
[Qt/WARNING] QBackingStore::endPaint() called with active painter; did you forget to destroy it or call QPainter::end() on it?
[Qt/WARNING] QBackingStore::endPaint() called with active painter; did you forget to destroy it or call QPainter::end() on it?
[Qt/WARNING] QBackingStore::endPaint() called with active painter; did you forget to destroy it or call QPainter::end() on it?
[Qt/WARNING] QBackingStore::endPaint() called with active painter; did you forget to destroy it or call QPainter::end() on it?
[Qt/WARNING] QBackingStore::endPaint() called with active painter; did you forget to destroy it or call QPainter::end() on it?
[Qt/WARNING] QBackingStore::endPaint() called with active painter; did you forget to destroy it or call QPainter::end() on it?
[Qt/WARNING] QBackingStore::endPaint() called with active painter; did you forget to destroy it or call QPainter::end() on it?
[Qt/WARNING] QBackingStore::endPaint() called with active painter; did you forget to destroy it or call QPainter::end() on it?
[Qt/WARNING] QBackingStore::endPaint() called with active painter; did you forget to destroy it or call QPainter::end() on it?
[Qt/WARNING] QBackingStore::endPaint() called with active painter; did you forget to destroy it or call QPainter::end() on it?
[Qt/WARNING] QBackingStore::endPaint() called with active painter; did you forget to destroy it or call QPainter::end() on it?
[Qt/WARNING] QBackingStore::endPaint() called with active painter; did you forget to destroy it or call QPainter::end() on it?
[Qt/WARNING] QBackingStore::endPaint() called with active painter; did you forget to destroy it or call QPainter::end() on it?
[Qt/WARNING] QBackingStore::endPaint() called with active painter; did you forget to destroy it or call QPainter::end() on it?
[Qt/WARNING] QBackingStore::endPaint() called with active painter; did you forget to destroy it or call QPainter::end() on it?
[Qt/WARNING] QBackingStore::endPaint() called with active painter; did you forget to destroy it or call QPainter::end() on it?
[Qt/WARNING] QBackingStore::endPaint() called with active painter; did you forget to destroy it or call QPainter::end() on it?
[Qt/WARNING] QBackingStore::endPaint() called with active painter; did you forget to destroy it or call QPainter::end() on it?
[Qt/WARNING] QBackingStore::endPaint() called with active painter; did you forget to destroy it or call QPainter::end() on it?
[Qt/WARNING] QBackingStore::endPaint() called with active painter; did you forget to destroy it or call QPainter::end() on it?
[Qt/WARNING] QBackingStore::endPaint() called with active painter; did you forget to destroy it or call QPainter::end() on it?
[Qt/WARNING] QBackingStore::endPaint() called with active painter; did you forget to destroy it or call QPainter::end() on it?
[Qt/WARNING] QBackingStore::endPaint() called with active painter; did you forget to destroy it or call QPainter::end() on it?
[Qt/WARNING] QBackingStore::endPaint() called with active painter; did you forget to destroy it or call QPainter::end() on it?
[Qt/WARNING] QBackingStore::endPaint() called with active painter; did you forget to destroy it or call QPainter::end() on it?
[Qt/WARNING] QBackingStore::endPaint() called with active painter; did you forget to destroy it or call QPainter::end() on it?
[Qt/WARNING] QBackingStore::endPaint() called with active painter; did you forget to destroy it or call QPainter::end() on it?
[Qt/WARNING] QBackingStore::endPaint() called with active painter; did you forget to destroy it or call QPainter::end() on it?
[Qt/WARNING] QBackingStore::endPaint() called with active painter; did you forget to destroy it or call QPainter::end() on it?
[Qt/WARNING] QBackingStore::endPaint() called with active painter; did you forget to destroy it or call QPainter::end() on it?
[Qt/WARNING] QBackingStore::endPaint() called with active painter; did you forget to destroy it or call QPainter::end() on it?
[Qt/WARNING] QBackingStore::endPaint() called with active painter; did you forget to destroy it or call QPainter::end() on it?
[Qt/WARNING] QBackingStore::endPaint() called with active painter; did you forget to destroy it or call QPainter::end() on it?
[Qt/WARNING] QBackingStore::endPaint() called with active painter; did you forget to destroy it or call QPainter::end() on it?
[Qt/WARNING] QBackingStore::endPaint() called with active painter; did you forget to destroy it or call QPainter::end() on it?
[Qt/WARNING] QBackingStore::endPaint() called with active painter; did you forget to destroy it or call QPainter::end() on it?
[Qt/WARNING] QBackingStore::endPaint() called with active painter; did you forget to destroy it or call QPainter::end() on it?
[Qt/WARNING] QBackingStore::endPaint() called with active painter; did you forget to destroy it or call QPainter::end() on it?
[Qt/WARNING] QBackingStore::endPaint() called with active painter; did you forget to destroy it or call QPainter::end() on it?
[Qt/WARNING] QBackingStore::endPaint() called with active painter; did you forget to destroy it or call QPainter::end() on it?
[Qt/WARNING] QBackingStore::endPaint() called with active painter; did you forget to destroy it or call QPainter::end() on it?
[Qt/WARNING] QBackingStore::endPaint() called with active painter; did you forget to destroy it or call QPainter::end() on it?
[Qt/WARNING] QBackingStore::endPaint() called with active painter; did you forget to destroy it or call QPainter::end() on it?
[Qt/WARNING] QBackingStore::endPaint() called with active painter; did you forget to destroy it or call QPainter::end() on it?
[Qt/WARNING] QBackingStore::endPaint() called with active painter; did you forget to destroy it or call QPainter::end() on it?
[Qt/WARNING] QBackingStore::endPaint() called with active painter; did you forget to destroy it or call QPainter::end() on it?
[Qt/WARNING] QBackingStore::endPaint() called with active painter; did you forget to destroy it or call QPainter::end() on it?
[Qt/WARNING] QBackingStore::endPaint() called with active painter; did you forget to destroy it or call QPainter::end() on it?
[Qt/WARNING] QBackingStore::endPaint() called with active painter; did you forget to destroy it or call QPainter::end() on it?
[Qt/WARNING] QBackingStore::endPaint() called with active painter; did you forget to destroy it or call QPainter::end() on it?
[Qt/WARNING] QBackingStore::endPaint() called with active painter; did you forget to destroy it or call QPainter::end() on it?
[Qt/WARNING] QBackingStore::endPaint() called with active painter; did you forget to destroy it or call QPainter::end() on it?
[Qt/WARNING] QBackingStore::endPaint() called with active painter; did you forget to destroy it or call QPainter::end() on it?
[Qt/WARNING] QBackingStore::endPaint() called with active painter; did you forget to destroy it or call QPainter::end() on it?
[Qt/WARNING] QBackingStore::endPaint() called with active painter; did you forget to destroy it or call QPainter::end() on it?
[Qt/WARNING] QBackingStore::endPaint() called with active painter; did you forget to destroy it or call QPainter::end() on it?
[Qt/WARNING] QBackingStore::endPaint() called with active painter; did you forget to destroy it or call QPainter::end() on it?
[Qt/WARNING] QBackingStore::endPaint() called with active painter; did you forget to destroy it or call QPainter::end() on it?
[Qt/WARNING] QBackingStore::endPaint() called with active painter; did you forget to destroy it or call QPainter::end() on it?
[Qt/WARNING] QBackingStore::endPaint() called with active painter; did you forget to destroy it or call QPainter::end() on it?
[Qt/WARNING] QBackingStore::endPaint() called with active painter; did you forget to destroy it or call QPainter::end() on it?
[Qt/WARNING] QBackingStore::endPaint() called with active painter; did you forget to destroy it or call QPainter::end() on it?
[Qt/WARNING] QBackingStore::endPaint() called with active painter; did you forget to destroy it or call QPainter::end() on it?
[Qt/WARNING] QBackingStore::endPaint() called with active painter; did you forget to destroy it or call QPainter::end() on it?
[Qt/WARNING] QBackingStore::endPaint() called with active painter; did you forget to destroy it or call QPainter::end() on it?
[Qt/WARNING] QBackingStore::endPaint() called with active painter; did you forget to destroy it or call QPainter::end() on it?
[Qt/WARNING] QBackingStore::endPaint() called with active painter; did you forget to destroy it or call QPainter::end() on it?
[Qt/WARNING] QBackingStore::endPaint() called with active painter; did you forget to destroy it or call QPainter::end() on it?
[Qt/WARNING] QBackingStore::endPaint() called with active painter; did you forget to destroy it or call QPainter::end() on it?
[Qt/WARNING] QBackingStore::endPaint() called with active painter; did you forget to destroy it or call QPainter::end() on it?
[Qt/WARNING] QBackingStore::endPaint() called with active painter; did you forget to destroy it or call QPainter::end() on it?
[Qt/WARNING] QBackingStore::endPaint() called with active painter; did you forget to destroy it or call QPainter::end() on it?
[Qt/WARNING] QBackingStore::endPaint() called with active painter; did you forget to destroy it or call QPainter::end() on it?
[Qt/WARNING] QBackingStore::endPaint() called with active painter; did you forget to destroy it or call QPainter::end() on it?
[Qt/WARNING] QBackingStore::endPaint() called with active painter; did you forget to destroy it or call QPainter::end() on it?
[Qt/WARNING] QBackingStore::endPaint() called with active painter; did you forget to destroy it or call QPainter::end() on it?
[Qt/WARNING] QBackingStore::endPaint() called with active painter; did you forget to destroy it or call QPainter::end() on it?
[Qt/WARNING] QBackingStore::endPaint() called with active painter; did you forget to destroy it or call QPainter::end() on it?
[Qt/WARNING] QBackingStore::endPaint() called with active painter; did you forget to destroy it or call QPainter::end() on it?
[Qt/WARNING] QBackingStore::endPaint() called with active painter; did you forget to destroy it or call QPainter::end() on it?
[Qt/WARNING] QBackingStore::endPaint() called with active painter; did you forget to destroy it or call QPainter::end() on it?
[Qt/WARNING] QBackingStore::endPaint() called with active painter; did you forget to destroy it or call QPainter::end() on it?
[Qt/WARNING] QBackingStore::endPaint() called with active painter; did you forget to destroy it or call QPainter::end() on it?
[Qt/WARNING] QBackingStore::endPaint() called with active painter; did you forget to destroy it or call QPainter::end() on it?
[Qt/WARNING] QBackingStore::endPaint() called with active painter; did you forget to destroy it or call QPainter::end() on it?
[Qt/WARNING] QBackingStore::endPaint() called with active painter; did you forget to destroy it or call QPainter::end() on it?
[Qt/WARNING] QBackingStore::endPaint() called with active painter; did you forget to destroy it or call QPainter::end() on it?
[Qt/WARNING] QBackingStore::endPaint() called with active painter; did you forget to destroy it or call QPainter::end() on it?
[Qt/WARNING] QBackingStore::endPaint() called with active painter; did you forget to destroy it or call QPainter::end() on it?
[Qt/WARNING] QBackingStore::endPaint() called with active painter; did you forget to destroy it or call QPainter::end() on it?
[Qt/WARNING] QBackingStore::endPaint() called with active painter; did you forget to destroy it or call QPainter::end() on it?
[Qt/WARNING] QBackingStore::endPaint() called with active painter; did you forget to destroy it or call QPainter::end() on it?
[Qt/WARNING] QBackingStore::endPaint() called with active painter; did you forget to destroy it or call QPainter::end() on it?
[Qt/WARNING] QBackingStore::endPaint() called with active painter; did you forget to destroy it or call QPainter::end() on it?
[Qt/WARNING] QBackingStore::endPaint() called with active painter; did you forget to destroy it or call QPainter::end() on it?
[Qt/WARNING] QBackingStore::endPaint() called with active painter; did you forget to destroy it or call QPainter::end() on it?
[Qt/WARNING] QBackingStore::endPaint() called with active painter; did you forget to destroy it or call QPainter::end() on it?
[Qt/WARNING] QBackingStore::endPaint() called with active painter; did you forget to destroy it or call QPainter::end() on it?
[Qt/WARNING] QBackingStore::endPaint() called with active painter; did you forget to destroy it or call QPainter::end() on it?
[Qt/WARNING] QBackingStore::endPaint() called with active painter; did you forget to destroy it or call QPainter::end() on it?
[Qt/WARNING] QBackingStore::endPaint() called with active painter; did you forget to destroy it or call QPainter::end() on it?
[Qt/WARNING] QBackingStore::endPaint() called with active painter; did you forget to destroy it or call QPainter::end() on it?
[Qt/WARNING] QBackingStore::endPaint() called with active painter; did you forget to destroy it or call QPainter::end() on it?
[Qt/WARNING] QBackingStore::endPaint() called with active painter; did you forget to destroy it or call QPainter::end() on it?
[Qt/WARNING] QBackingStore::endPaint() called with active painter; did you forget to destroy it or call QPainter::end() on it?
[Qt/WARNING] QBackingStore::endPaint() called with active painter; did you forget to destroy it or call QPainter::end() on it?
[Qt/WARNING] QBackingStore::endPaint() called with active painter; did you forget to destroy it or call QPainter::end() on it?
[Qt/WARNING] QBackingStore::endPaint() called with active painter; did you forget to destroy it or call QPainter::end() on it?
[Qt/WARNING] QBackingStore::endPaint() called with active painter; did you forget to destroy it or call QPainter::end() on it?
[Qt/WARNING] QBackingStore::endPaint() called with active painter; did you forget to destroy it or call QPainter::end() on it?
[Qt/WARNING] QBackingStore::endPaint() called with active painter; did you forget to destroy it or call QPainter::end() on it?
[Qt/WARNING] QBackingStore::endPaint() called with active painter; did you forget to destroy it or call QPainter::end() on it?
[Qt/WARNING] QBackingStore::endPaint() called with active painter; did you forget to destroy it or call QPainter::end() on it?
[Qt/WARNING] QBackingStore::endPaint() called with active painter; did you forget to destroy it or call QPainter::end() on it?
[Qt/WARNING] QBackingStore::endPaint() called with active painter; did you forget to destroy it or call QPainter::end() on it?
[Qt/WARNING] QBackingStore::endPaint() called with active painter; did you forget to destroy it or call QPainter::end() on it?
[Qt/WARNING] QBackingStore::endPaint() called with active painter; did you forget to destroy it or call QPainter::end() on it?
[Qt/WARNING] QBackingStore::endPaint() called with active painter; did you forget to destroy it or call QPainter::end() on it?
[Qt/WARNING] QBackingStore::endPaint() called with active painter; did you forget to destroy it or call QPainter::end() on it?
[Qt/WARNING] QBackingStore::endPaint() called with active painter; did you forget to destroy it or call QPainter::end() on it?
[Qt/WARNING] QBackingStore::endPaint() called with active painter; did you forget to destroy it or call QPainter::end() on it?
[Qt/WARNING] QBackingStore::endPaint() called with active painter; did you forget to destroy it or call QPainter::end() on it?
[Qt/WARNING] QBackingStore::endPaint() called with active painter; did you forget to destroy it or call QPainter::end() on it?
[Qt/WARNING] QBackingStore::endPaint() called with active painter; did you forget to destroy it or call QPainter::end() on it?
[Qt/WARNING] QBackingStore::endPaint() called with active painter; did you forget to destroy it or call QPainter::end() on it?
[Qt/WARNING] QBackingStore::endPaint() called with active painter; did you forget to destroy it or call QPainter::end() on it?
[Qt/WARNING] QBackingStore::endPaint() called with active painter; did you forget to destroy it or call QPainter::end() on it?
[Qt/WARNING] QBackingStore::endPaint() called with active painter; did you forget to destroy it or call QPainter::end() on it?
[Qt/WARNING] QBackingStore::endPaint() called with active painter; did you forget to destroy it or call QPainter::end() on it?
[Qt/WARNING] QBackingStore::endPaint() called with active painter; did you forget to destroy it or call QPainter::end() on it?
[Qt/WARNING] QBackingStore::endPaint() called with active painter; did you forget to destroy it or call QPainter::end() on it?
[Qt/WARNING] QBackingStore::endPaint() called with active painter; did you forget to destroy it or call QPainter::end() on it?
[Qt/WARNING] QBackingStore::endPaint() called with active painter; did you forget to destroy it or call QPainter::end() on it?
[Qt/WARNING] QBackingStore::endPaint() called with active painter; did you forget to destroy it or call QPainter::end() on it?
[Qt/WARNING] QBackingStore::endPaint() called with active painter; did you forget to destroy it or call QPainter::end() on it?
[Qt/WARNING] QBackingStore::endPaint() called with active painter; did you forget to destroy it or call QPainter::end() on it?
[Qt/WARNING] QBackingStore::endPaint() called with active painter; did you forget to destroy it or call QPainter::end() on it?
[Qt/WARNING] QBackingStore::endPaint() called with active painter; did you forget to destroy it or call QPainter::end() on it?
[Qt/WARNING] QBackingStore::endPaint() called with active painter; did you forget to destroy it or call QPainter::end() on it?
[Qt/WARNING] QBackingStore::endPaint() called with active painter; did you forget to destroy it or call QPainter::end() on it?
